2022-07-19 11:15:01,088 - __main__ - INFO - Token value: Token not available!
2022-07-19 11:15:01,760 - __main__ - INFO - Weather in Berlin: 30.32
2022-07-19 10:09:58,525 - __main__ - INFO - Token value: 1234
2022-07-19 10:09:58,949 - __main__ - INFO - Weather in Berlin: 32.56
2022-07-19 12:17:50,405 - __main__ - INFO - Token value: 1234
2022-07-19 12:17:50,875 - __main__ - INFO - Weather in Berlin: 33.66
2022-07-19 14:09:00,868 - __main__ - INFO - Token value: 1234
2022-07-19 14:09:01,435 - __main__ - INFO - Weather in Berlin: 34.86
2022-07-19 16:12:16,906 - __main__ - INFO - Token value: 1234
2022-07-19 16:12:17,306 - __main__ - INFO - Weather in Berlin: 34.28
2022-07-19 18:10:53,682 - __main__ - INFO - Token value: 1234
2022-07-19 18:10:53,844 - __main__ - INFO - Weather in Berlin: 31.9
2022-07-19 20:09:35,027 - __main__ - INFO - Token value: 1234
2022-07-19 20:09:35,139 - __main__ - INFO - Weather in Berlin: 27.52
2022-07-19 22:09:04,334 - __main__ - INFO - Token value: 1234
2022-07-19 22:09:04,912 - __main__ - INFO - Weather in Berlin: 25.4
2022-07-20 00:46:12,649 - __main__ - INFO - Token value: 1234
2022-07-20 00:46:13,296 - __main__ - INFO - Weather in Berlin: 24.18
2022-07-20 03:36:18,748 - __main__ - INFO - Token value: 1234
2022-07-20 03:36:18,916 - __main__ - INFO - Weather in Berlin: 22.12
2022-07-20 04:30:43,477 - __main__ - INFO - Token value: 1234
2022-07-20 04:30:43,776 - __main__ - INFO - Weather in Berlin: 21.64
2022-07-20 06:11:40,340 - __main__ - INFO - Token value: 1234
2022-07-20 06:11:41,194 - __main__ - INFO - Weather in Berlin: 24.95
2022-07-20 08:12:25,109 - __main__ - INFO - Token value: 1234
2022-07-20 08:12:25,397 - __main__ - INFO - Weather in Berlin: 30.85
2022-07-20 10:09:27,874 - __main__ - INFO - Token value: 1234
2022-07-20 10:09:28,041 - __main__ - INFO - Weather in Berlin: 35.42
2022-07-20 12:16:14,801 - __main__ - INFO - Token value: 1234
2022-07-20 12:16:15,447 - __main__ - INFO - Weather in Berlin: 36.64
2022-07-20 14:10:42,143 - __main__ - INFO - Token value: 1234
2022-07-20 14:10:42,285 - __main__ - INFO - Weather in Berlin: 37.34
2022-07-20 16:11:32,101 - __main__ - INFO - Token value: 1234
2022-07-20 16:11:32,270 - __main__ - INFO - Weather in Berlin: 36.32
2022-07-20 18:11:08,871 - __main__ - INFO - Token value: 1234
2022-07-20 18:11:09,450 - __main__ - INFO - Weather in Berlin: 35.75
2022-07-20 20:10:07,208 - __main__ - INFO - Token value: 1234
2022-07-20 20:10:07,807 - __main__ - INFO - Weather in Berlin: 29.16
2022-07-20 22:08:32,880 - __main__ - INFO - Token value: 1234
2022-07-20 22:08:33,309 - __main__ - INFO - Weather in Berlin: 27.72
2022-07-21 00:51:04,670 - __main__ - INFO - Token value: 1234
2022-07-21 00:51:04,945 - __main__ - INFO - Weather in Berlin: 25.62
2022-07-21 03:32:21,183 - __main__ - INFO - Token value: 1234
2022-07-21 03:32:21,622 - __main__ - INFO - Weather in Berlin: 24.17
2022-07-21 04:33:49,059 - __main__ - INFO - Token value: 1234
2022-07-21 04:33:49,712 - __main__ - INFO - Weather in Berlin: 23.8
2022-07-21 06:11:40,676 - __main__ - INFO - Token value: 1234
2022-07-21 06:11:41,078 - __main__ - INFO - Weather in Berlin: 24.1
2022-07-21 08:11:51,774 - __main__ - INFO - Token value: 1234
2022-07-21 08:11:51,925 - __main__ - INFO - Weather in Berlin: 26.61
2022-07-21 10:10:48,231 - __main__ - INFO - Token value: 1234
2022-07-21 10:10:48,658 - __main__ - INFO - Weather in Berlin: 29.39
2022-07-21 12:16:51,452 - __main__ - INFO - Token value: 1234
2022-07-21 12:16:52,210 - __main__ - INFO - Weather in Berlin: 29.02
2022-07-21 14:10:13,059 - __main__ - INFO - Token value: 1234
2022-07-21 14:10:13,760 - __main__ - INFO - Weather in Berlin: 24.62
2022-07-21 16:11:48,481 - __main__ - INFO - Token value: 1234
2022-07-21 16:11:49,254 - __main__ - INFO - Weather in Berlin: 24.51
2022-07-21 18:11:19,590 - __main__ - INFO - Token value: 1234
2022-07-21 18:11:19,965 - __main__ - INFO - Weather in Berlin: 25.79
2022-07-21 20:10:30,244 - __main__ - INFO - Token value: 1234
2022-07-21 20:10:30,328 - __main__ - INFO - Weather in Berlin: 22.77
2022-07-25 00:44:39,700 - __main__ - INFO - Token value: 1234
2022-07-25 00:44:40,082 - __main__ - INFO - Weather in Berlin: 19.9
2022-08-01 00:54:12,206 - __main__ - INFO - Token value: 1234
2022-08-01 00:54:12,694 - __main__ - INFO - Weather in Berlin: 20.23
2022-08-08 00:40:42,506 - __main__ - INFO - Token value: 1234
2022-08-08 00:40:42,610 - __main__ - INFO - Weather in Berlin: 16.92
2022-08-15 00:44:48,218 - __main__ - INFO - Token value: 1234
2022-08-15 00:44:48,828 - __main__ - INFO - Weather in Berlin: 22.05
2022-08-22 00:46:22,483 - __main__ - INFO - Token value: 1234
2022-08-22 00:46:22,604 - __main__ - INFO - Weather in Berlin: 16.54
2022-08-29 00:51:03,885 - __main__ - INFO - Token value: 1234
2022-08-29 00:51:04,463 - __main__ - INFO - Weather in Berlin: 13.61
2022-09-05 00:54:44,539 - __main__ - INFO - Token value: 1234
2022-09-05 00:54:45,065 - __main__ - INFO - Weather in Berlin: 15.8
2022-09-12 00:48:56,255 - __main__ - INFO - Token value: 1234
2022-09-12 00:48:56,362 - __main__ - INFO - Weather in Berlin: 12.68
2022-09-19 00:51:28,986 - __main__ - INFO - Token value: 1234
2022-09-19 00:51:29,073 - __main__ - INFO - Weather in Berlin: 8.79
2022-09-26 00:54:36,285 - __main__ - INFO - Token value: 1234
2022-09-26 00:54:36,670 - __main__ - INFO - Weather in Berlin: 11.75
2022-10-03 00:53:53,511 - __main__ - INFO - Token value: 1234
2022-10-03 00:53:54,115 - __main__ - INFO - Weather in Berlin: 11.07
2022-10-10 00:59:22,592 - __main__ - INFO - Token value: 1234
2022-10-10 00:59:22,684 - __main__ - INFO - Weather in Berlin: 7.73
2022-10-17 01:03:34,041 - __main__ - INFO - Token value: 1234
2022-10-17 01:03:34,808 - __main__ - INFO - Weather in Berlin: 13.02
2022-10-24 01:05:23,964 - __main__ - INFO - Token value: 1234
2022-10-24 01:05:24,197 - __main__ - INFO - Weather in Berlin: 13.27
2022-10-31 00:56:50,347 - __main__ - INFO - Token value: 1234
2022-10-31 00:56:50,781 - __main__ - INFO - Weather in Berlin: 13.45
2022-11-07 00:46:30,914 - __main__ - INFO - Token value: 1234
2022-11-07 00:46:31,482 - __main__ - INFO - Weather in Berlin: 6.9
2022-11-14 00:42:53,014 - __main__ - INFO - Token value: 1234
2022-11-14 00:42:53,136 - __main__ - INFO - Weather in Berlin: 6.58
2022-11-21 00:44:54,383 - __main__ - INFO - Token value: 1234
2022-11-21 00:44:54,891 - __main__ - INFO - Weather in Berlin: -1.89
2022-11-28 00:38:10,868 - __main__ - INFO - Token value: 1234
2022-11-28 00:38:10,962 - __main__ - INFO - Weather in Berlin: 4.03
2022-12-05 00:37:36,747 - __main__ - INFO - Token value: 1234
2022-12-05 00:37:37,346 - __main__ - INFO - Weather in Berlin: 2.48
2022-12-12 00:40:48,194 - __main__ - INFO - Token value: 1234
2022-12-12 00:40:48,347 - __main__ - INFO - Weather in Berlin: -1.51
2022-12-19 00:34:22,668 - __main__ - INFO - Token value: 1234
2022-12-19 00:34:23,349 - __main__ - INFO - Weather in Berlin: -4.73
2022-12-26 00:37:57,455 - __main__ - INFO - Token value: 1234
2022-12-26 00:37:58,555 - __main__ - INFO - Weather in Berlin: 8.58
2023-01-02 00:37:45,571 - __main__ - INFO - Token value: 1234
2023-01-02 00:37:46,198 - __main__ - INFO - Weather in Berlin: 11.86
2023-01-09 00:37:48,669 - __main__ - INFO - Token value: 1234
2023-01-09 00:37:49,006 - __main__ - INFO - Weather in Berlin: 5.01
2023-01-16 00:38:39,973 - __main__ - INFO - Token value: 1234
2023-01-16 00:38:40,358 - __main__ - INFO - Weather in Berlin: 4.9
2023-01-23 00:37:11,897 - __main__ - INFO - Token value: 1234
2023-01-23 00:37:12,431 - __main__ - INFO - Weather in Berlin: 1.65
2023-01-30 00:35:30,776 - __main__ - INFO - Token value: 1234
2023-01-30 00:35:31,351 - __main__ - INFO - Weather in Berlin: 1.63
2023-02-06 00:37:40,919 - __main__ - INFO - Token value: 1234
2023-02-06 00:37:41,397 - __main__ - INFO - Weather in Berlin: -2.01
2023-02-13 00:41:55,645 - __main__ - INFO - Token value: 1234
2023-02-13 00:41:56,334 - __main__ - INFO - Weather in Berlin: 7.16
2023-02-20 00:42:40,136 - __main__ - INFO - Token value: 1234
2023-02-20 00:42:40,714 - __main__ - INFO - Weather in Berlin: 2.39
2023-02-27 00:41:12,914 - __main__ - INFO - Token value: 1234
2023-02-27 00:41:13,506 - __main__ - INFO - Weather in Berlin: -1.34
2023-03-06 00:41:41,381 - __main__ - INFO - Token value: 1234
2023-03-06 00:41:41,518 - __main__ - INFO - Weather in Berlin: 0.94
2023-03-13 00:39:58,538 - __main__ - INFO - Token value: 1234
2023-03-13 00:39:58,984 - __main__ - INFO - Weather in Berlin: 5.94
2023-03-20 00:40:52,346 - __main__ - INFO - Token value: 1234
2023-03-20 00:40:52,864 - __main__ - INFO - Weather in Berlin: 10.36
2023-03-27 00:37:03,135 - __main__ - INFO - Token value: 1234
2023-03-27 00:37:03,579 - __main__ - INFO - Weather in Berlin: 4.49
2023-04-03 00:37:03,535 - __main__ - INFO - Token value: 1234
2023-04-03 00:37:03,887 - __main__ - INFO - Weather in Berlin: 1.06
2023-04-10 00:36:03,126 - __main__ - INFO - Token value: 1234
2023-04-10 00:36:03,601 - __main__ - INFO - Weather in Berlin: 6.65
2023-04-17 00:38:11,628 - __main__ - INFO - Token value: 1234
2023-04-17 00:38:11,958 - __main__ - INFO - Weather in Berlin: 7.47
2023-04-24 00:37:25,968 - __main__ - INFO - Token value: 1234
2023-04-24 00:37:26,548 - __main__ - INFO - Weather in Berlin: 11.24
2023-05-01 00:38:28,593 - __main__ - INFO - Token value: 1234
2023-05-01 00:38:29,237 - __main__ - INFO - Weather in Berlin: 4.74
2023-05-08 00:35:59,553 - __main__ - INFO - Token value: 1234
2023-05-08 00:36:00,012 - __main__ - INFO - Weather in Berlin: 8.12
2023-05-15 00:37:43,779 - __main__ - INFO - Token value: 1234
2023-05-15 00:37:44,323 - __main__ - INFO - Weather in Berlin: 13.01
2023-05-22 00:38:44,183 - __main__ - INFO - Token value: 1234
2023-05-22 00:38:44,825 - __main__ - INFO - Weather in Berlin: 18.93
2023-05-29 00:38:32,685 - __main__ - INFO - Token value: 1234
2023-05-29 00:38:33,317 - __main__ - INFO - Weather in Berlin: 13.49
2023-06-05 00:42:16,214 - __main__ - INFO - Token value: 1234
2023-06-05 00:42:16,354 - __main__ - INFO - Weather in Berlin: 12.54
2023-06-12 00:44:40,761 - __main__ - INFO - Token value: 1234
2023-06-12 00:44:41,287 - __main__ - INFO - Weather in Berlin: 17.95
2023-06-19 00:41:31,896 - __main__ - INFO - Token value: 1234
2023-06-19 00:41:32,077 - __main__ - INFO - Weather in Berlin: 17.46
2023-06-26 00:48:35,778 - __main__ - INFO - Token value: 1234
2023-06-26 00:48:35,965 - __main__ - INFO - Weather in Berlin: 19.96
2023-07-03 00:47:50,515 - __main__ - INFO - Token value: 1234
2023-07-03 00:47:51,503 - __main__ - INFO - Weather in Berlin: 14.82
2023-07-10 00:47:49,548 - __main__ - INFO - Token value: 1234
2023-07-10 00:47:50,169 - __main__ - INFO - Weather in Berlin: 21.4
2023-07-17 00:50:57,487 - __main__ - INFO - Token value: 1234
2023-07-17 00:50:58,057 - __main__ - INFO - Weather in Berlin: 17.68
2023-07-24 00:41:28,744 - __main__ - INFO - Token value: 1234
2023-07-24 00:41:29,341 - __main__ - INFO - Weather in Berlin: 19.18
2023-07-31 00:41:40,366 - __main__ - INFO - Token value: 1234
2023-07-31 00:41:40,950 - __main__ - INFO - Weather in Berlin: 15.06
2023-08-07 00:39:33,017 - __main__ - INFO - Token value: 1234
2023-08-07 00:39:33,591 - __main__ - INFO - Weather in Berlin: 14.24
2023-08-14 00:32:09,980 - __main__ - INFO - Token value: 1234
2023-08-14 00:32:10,569 - __main__ - INFO - Weather in Berlin: 19.18
2023-08-21 00:31:40,538 - __main__ - INFO - Token value: 1234
2023-08-21 00:31:41,217 - __main__ - INFO - Weather in Berlin: 20.29
2023-08-28 00:32:45,300 - __main__ - INFO - Token value: 1234
2023-08-28 00:32:45,759 - __main__ - INFO - Weather in Berlin: 15.49
2023-09-04 00:32:51,578 - __main__ - INFO - Token value: 1234
2023-09-04 00:32:51,721 - __main__ - INFO - Weather in Berlin: 13.88
2023-09-11 00:33:02,029 - __main__ - INFO - Token value: 1234
2023-09-11 00:33:02,311 - __main__ - INFO - Weather in Berlin: 19.79
2023-09-18 00:33:08,034 - __main__ - INFO - Token value: 1234
2023-09-18 00:33:08,622 - __main__ - INFO - Weather in Berlin: 18.77
2023-09-25 00:33:31,589 - __main__ - INFO - Token value: 1234
2023-09-25 00:33:32,204 - __main__ - INFO - Weather in Berlin: 11.97
2023-10-02 00:33:45,247 - __main__ - INFO - Token value: 1234
2023-10-02 00:33:45,432 - __main__ - INFO - Weather in Berlin: 16.15
2023-10-09 00:33:46,073 - __main__ - INFO - Token value: 1234
2023-10-09 00:33:46,678 - __main__ - INFO - Weather in Berlin: 10.35
2023-10-16 00:34:12,581 - __main__ - INFO - Token value: 1234
2023-10-16 00:34:13,068 - __main__ - INFO - Weather in Berlin: 6.05
2023-10-23 00:33:38,346 - __main__ - INFO - Token value: 1234
2023-10-23 00:33:38,481 - __main__ - INFO - Weather in Berlin: 11.05
2023-10-30 00:34:04,551 - __main__ - INFO - Token value: 1234
2023-10-30 00:34:05,043 - __main__ - INFO - Weather in Berlin: 12.19
2023-11-06 00:34:49,810 - __main__ - INFO - Token value: 1234
2023-11-06 00:34:50,132 - __main__ - INFO - Weather in Berlin: 10.48
2023-11-13 00:35:20,583 - __main__ - INFO - Token value: 1234
2023-11-13 00:35:21,202 - __main__ - INFO - Weather in Berlin: 6.07
2023-11-20 00:36:06,535 - __main__ - INFO - Token value: 1234
2023-11-20 00:36:06,644 - __main__ - INFO - Weather in Berlin: 9.7
2023-11-27 00:35:44,273 - __main__ - INFO - Token value: 1234
2023-11-27 00:35:44,752 - __main__ - INFO - Weather in Berlin: -0.91
2023-12-04 00:36:12,963 - __main__ - INFO - Token value: 1234
2023-12-04 00:36:13,413 - __main__ - INFO - Weather in Berlin: -5.01
2023-12-11 00:36:36,877 - __main__ - INFO - Token value: 1234
2023-12-11 00:36:37,345 - __main__ - INFO - Weather in Berlin: 6.43
2023-12-18 00:36:39,535 - __main__ - INFO - Token value: 1234
2023-12-18 00:36:40,637 - __main__ - INFO - Weather in Berlin: 5.87
2023-12-25 00:35:57,463 - __main__ - INFO - Token value: 1234
2023-12-25 00:35:57,814 - __main__ - INFO - Weather in Berlin: 9.67
2024-01-01 00:39:23,702 - __main__ - INFO - Token value: 1234
2024-01-01 00:39:24,163 - __main__ - INFO - Weather in Berlin: 6.02
2024-01-08 00:36:53,575 - __main__ - INFO - Token value: 1234
2024-01-08 00:36:54,117 - __main__ - INFO - Weather in Berlin: -6.67
2024-01-15 00:37:53,460 - __main__ - INFO - Token value: 1234
2024-01-15 00:37:54,171 - __main__ - INFO - Weather in Berlin: 2.04
2024-01-22 00:38:04,182 - __main__ - INFO - Token value: 1234
2024-01-22 00:38:04,935 - __main__ - INFO - Weather in Berlin: 2.86
2024-01-29 00:34:00,850 - __main__ - INFO - Token value: 1234
2024-01-29 00:34:01,071 - __main__ - INFO - Weather in Berlin: 1.69
2024-02-05 00:35:06,109 - __main__ - INFO - Token value: 1234
2024-02-12 00:34:33,688 - __main__ - INFO - Token value: 1234
2024-02-19 00:34:58,887 - __main__ - INFO - Token value: 1234
2024-02-26 00:35:09,233 - __main__ - INFO - Token value: 1234
2024-03-04 00:34:25,560 - __main__ - INFO - Token value: 1234
2024-03-11 00:35:08,395 - __main__ - INFO - Token value: 1234
2024-03-18 00:35:06,524 - __main__ - INFO - Token value: 1234
2024-03-25 00:35:30,409 - __main__ - INFO - Token value: 1234
2024-04-01 00:38:07,362 - __main__ - INFO - Token value: 1234
2024-04-08 00:35:54,186 - __main__ - INFO - Token value: 1234
2024-04-15 03:04:08,840 - __main__ - INFO - Token value: 1234
2024-04-22 00:36:28,016 - __main__ - INFO - Token value: 1234
2024-04-29 00:36:00,211 - __main__ - INFO - Token value: 1234
2024-05-06 00:36:33,374 - __main__ - INFO - Token value: 1234
2024-05-13 00:37:20,778 - __main__ - INFO - Token value: 1234
2024-05-20 00:37:12,884 - __main__ - INFO - Token value: 1234
2024-05-27 00:37:48,048 - __main__ - INFO - Token value: 1234
2024-06-03 00:38:07,159 - __main__ - INFO - Token value: 1234
2024-06-10 00:39:11,953 - __main__ - INFO - Token value: 1234
2024-06-17 00:39:35,708 - __main__ - INFO - Token value: 1234
2024-06-24 00:39:42,774 - __main__ - INFO - Token value: 1234
2024-07-01 00:43:42,399 - __main__ - INFO - Token value: 1234
2024-07-08 00:40:10,931 - __main__ - INFO - Token value: 1234
2024-07-15 00:40:40,166 - __main__ - INFO - Token value: 1234
2024-07-22 00:41:01,877 - __main__ - INFO - Token value: 1234
2024-07-29 00:41:08,640 - __main__ - INFO - Token value: 1234
2024-08-05 00:41:30,205 - __main__ - INFO - Token value: 1234
2024-08-12 00:41:53,777 - __main__ - INFO - Token value: 1234
2024-08-19 00:41:08,919 - __main__ - INFO - Token value: 1234
2024-08-26 00:41:09,438 - __main__ - INFO - Token value: 1234
2024-09-02 00:43:32,364 - __main__ - INFO - Token value: 1234
2024-09-09 00:44:33,435 - __main__ - INFO - Token value: 1234
2024-09-16 00:46:12,591 - __main__ - INFO - Token value: 1234
2024-09-23 00:45:45,251 - __main__ - INFO - Token value: 1234
2024-09-30 00:47:22,120 - __main__ - INFO - Token value: 1234
2024-10-07 00:47:15,042 - __main__ - INFO - Token value: 1234
2024-10-14 00:47:27,568 - __main__ - INFO - Token value: 1234
2024-10-21 00:47:53,211 - __main__ - INFO - Token value: 1234
2024-10-28 00:49:00,731 - __main__ - INFO - Token value: 1234
2024-11-04 00:47:55,869 - __main__ - INFO - Token value: 1234
2024-11-11 00:46:21,824 - __main__ - INFO - Token value: 1234
2024-11-18 00:50:57,659 - __main__ - INFO - Token value: 1234
2024-11-25 00:50:45,093 - __main__ - INFO - Token value: 1234
2024-12-02 00:52:29,507 - __main__ - INFO - Token value: 1234
2024-12-09 00:53:58,604 - __main__ - INFO - Token value: 1234
2024-12-16 00:53:20,485 - __main__ - INFO - Token value: 1234
2024-12-23 00:48:01,229 - __main__ - INFO - Token value: 1234
2024-12-30 00:48:22,277 - __main__ - INFO - Token value: 1234
2025-01-06 00:49:22,409 - __main__ - INFO - Token value: 1234
2025-01-13 00:50:32,843 - __main__ - INFO - Token value: 1234
2025-01-20 00:46:04,526 - __main__ - INFO - Token value: 1234
2025-01-27 00:46:27,749 - __main__ - INFO - Token value: 1234
2025-02-03 00:46:31,926 - __main__ - INFO - Token value: 1234
2025-02-10 00:47:24,980 - __main__ - INFO - Token value: 1234
2025-02-17 00:49:24,294 - __main__ - INFO - Token value: 1234
2025-02-24 00:49:09,856 - __main__ - INFO - Token value: 1234
2025-03-03 00:50:25,449 - __main__ - INFO - Token value: 1234
2025-03-10 00:40:43,273 - __main__ - INFO - Token value: 1234
2025-03-17 00:51:39,016 - __main__ - INFO - Token value: 1234
2025-03-24 00:52:06,841 - __main__ - INFO - Token value: 1234
2025-03-31 00:53:50,974 - __main__ - INFO - Token value: 1234
2025-04-07 00:53:02,003 - __main__ - INFO - Token value: 1234
2025-04-14 00:54:30,421 - __main__ - INFO - Token value: 1234
2025-04-21 00:55:01,305 - __main__ - INFO - Token value: 1234
2025-04-28 00:54:34,387 - __main__ - INFO - Token value: 1234
2025-05-05 00:56:34,259 - __main__ - INFO - Token value: 1234
2025-05-12 00:56:31,715 - __main__ - INFO - Token value: 1234
2025-05-19 00:57:11,922 - __main__ - INFO - Token value: 1234
2025-05-26 00:56:19,737 - __main__ - INFO - Token value: 1234
2025-06-02 00:57:28,719 - __main__ - INFO - Token value: 1234
2025-06-09 00:58:49,093 - __main__ - INFO - Token value: 1234
2025-06-16 00:57:58,719 - __main__ - INFO - Token value: 1234
2025-06-23 00:59:43,068 - __main__ - INFO - Token value: 1234
2025-06-30 00:59:54,390 - __main__ - INFO - Token value: 1234
2025-07-07 01:00:40,204 - __main__ - INFO - Token value: 1234
2025-07-14 01:01:05,490 - __main__ - INFO - Token value: 1234
2025-07-21 01:02:40,362 - __main__ - INFO - Token value: 1234
2025-07-28 01:03:50,396 - __main__ - INFO - Token value: 1234
2025-08-04 01:05:20,071 - __main__ - INFO - Token value: 1234
2025-08-11 01:01:51,469 - __main__ - INFO - Token value: 1234
2025-08-18 01:00:33,308 - __main__ - INFO - Token value: 1234
2025-08-25 00:55:24,545 - __main__ - INFO - Token value: 1234
2025-09-01 01:01:38,624 - __main__ - INFO - Token value: 1234
2025-09-08 00:53:37,125 - __main__ - INFO - Token value: 1234
2025-09-15 00:54:19,975 - __main__ - INFO - Token value: 1234
2025-09-22 00:55:20,870 - __main__ - INFO - Token value: 1234
2025-09-29 00:52:21,503 - __main__ - INFO - Token value: 1234
2025-10-06 00:51:32,672 - __main__ - INFO - Token value: 1234
2025-10-13 00:54:40,092 - __main__ - INFO - Token value: 1234
2025-10-20 00:56:16,111 - __main__ - INFO - Token value: 1234
2025-10-27 00:57:32,621 - __main__ - INFO - Token value: 1234
2025-11-03 00:56:28,378 - __main__ - INFO - Token value: 1234
2025-11-10 00:56:56,287 - __main__ - INFO - Token value: 1234
2025-11-17 00:56:05,528 - __main__ - INFO - Token value: 1234
2025-11-24 00:58:21,248 - __main__ - INFO - Token value: 1234
2025-12-01 01:06:06,588 - __main__ - INFO - Token value: 1234
2025-12-08 00:56:39,559 - __main__ - INFO - Token value: 1234
2025-12-14 13:30:15,340 - __main__ - INFO - Token value: Token not available!
2025-12-14 16:51:13,291 - __main__ - INFO - Token value: 1432
2025-12-14 17:11:20,826 - __main__ - INFO - Token value: 1432
2025-12-14 17:38:07,649 - __main__ - INFO - Token value: 1432
2025-12-14 18:18:30,579 - __main__ - INFO - Token value: 1432
2025-12-14 18:46:58,933 - __main__ - INFO - Token value: 1432
2025-12-14 19:10:11,328 - __main__ - INFO - Token value: 1432
2025-12-14 19:34:08,806 - __main__ - INFO - Token value: 1432
2025-12-14 20:14:15,528 - __main__ - INFO - Token value: 1432
2025-12-14 20:40:20,930 - __main__ - INFO - Token value: 1432
2025-12-14 21:12:07,241 - __main__ - INFO - Token value: 1432
2025-12-14 21:36:31,363 - __main__ - INFO - Token value: 1432
2025-12-14 22:12:30,365 - __main__ - INFO - Token value: 1432
2025-12-14 22:39:22,794 - __main__ - INFO - Token value: 1432
2025-12-14 23:12:18,653 - __main__ - INFO - Token value: 1432
2025-12-14 23:36:39,869 - __main__ - INFO - Token value: 1432
2025-12-19 19:32:52,673 - __main__ - INFO - Token value: Token not available!
2025-12-19 19:32:52,681 - __main__ - ERROR - Failed to fetch weather data: HTTPSConnectionPool(host='weather.talkpython.fm', port=443): Max retries exceeded with url: /api/weather/?city=Berlin&country=DE (Caused by ProxyError('Unable to connect to proxy', OSError('Tunnel connection failed: 403 Forbidden')))
2025-12-21 01:09:14,276 - __main__ - INFO - Token value: 1432
2025-12-21 01:09:14,659 - __main__ - ERROR - Failed to fetch weather data: 429 Client Error: Too Many Requests for url: https://weather.talkpython.fm/api/weather?city=Berlin&country=DE
2025-12-21 03:11:49,131 - __main__ - INFO - Token value: 1432
2025-12-21 03:11:50,294 - __main__ - ERROR - Failed to fetch weather data: 429 Client Error: Too Many Requests for url: https://weather.talkpython.fm/api/weather?city=Berlin&country=DE
2025-12-21 04:11:07,651 - __main__ - INFO - Token value: 1432
2025-12-21 04:11:08,378 - __main__ - ERROR - Failed to fetch weather data: 429 Client Error: Too Many Requests for url: https://weather.talkpython.fm/api/weather?city=Berlin&country=DE
2025-12-21 04:51:59,647 - __main__ - INFO - Token value: 1432
2025-12-21 04:52:00,441 - __main__ - ERROR - Failed to fetch weather data: 429 Client Error: Too Many Requests for url: https://weather.talkpython.fm/api/weather?city=Berlin&country=DE
2025-12-21 05:15:00,542 - __main__ - INFO - Token value: 1432
2025-12-21 05:15:00,880 - __main__ - ERROR - Failed to fetch weather data: 429 Client Error: Too Many Requests for url: https://weather.talkpython.fm/api/weather?city=Berlin&country=DE
2025-12-21 05:42:12,681 - __main__ - INFO - Token value: 1432
2025-12-21 05:42:13,383 - __main__ - ERROR - Failed to fetch weather data: 429 Client Error: Too Many Requests for url: https://weather.talkpython.fm/api/weather?city=Berlin&country=DE
2025-12-21 06:20:09,233 - __main__ - INFO - Token value: 1432
2025-12-21 06:20:09,736 - __main__ - ERROR - Failed to fetch weather data: 429 Client Error: Too Many Requests for url: https://weather.talkpython.fm/api/weather?city=Berlin&country=DE
2025-12-21 06:50:24,269 - __main__ - INFO - Token value: 1432
2025-12-21 06:50:24,345 - __main__ - ERROR - Failed to fetch weather data: 429 Client Error: Too Many Requests for url: https://weather.talkpython.fm/api/weather?city=Berlin&country=DE
2025-12-21 07:13:30,156 - __main__ - INFO - Token value: 1432
2025-12-21 07:13:30,499 - __main__ - ERROR - Failed to fetch weather data: 429 Client Error: Too Many Requests for url: https://weather.talkpython.fm/api/weather?city=Berlin&country=DE
2025-12-21 07:37:05,087 - __main__ - INFO - Token value: 1432
2025-12-21 07:37:05,534 - __main__ - ERROR - Failed to fetch weather data: 429 Client Error: Too Many Requests for url: https://weather.talkpython.fm/api/weather?city=Berlin&country=DE
2025-12-21 08:17:21,383 - __main__ - INFO - Token value: 1432
2025-12-21 08:17:21,941 - __main__ - ERROR - Failed to fetch weather data: 429 Client Error: Too Many Requests for url: https://weather.talkpython.fm/api/weather?city=Berlin&country=DE
2025-12-21 08:44:52,726 - __main__ - INFO - Token value: 1432
2025-12-21 08:44:53,124 - __main__ - ERROR - Failed to fetch weather data: 429 Client Error: Too Many Requests for url: https://weather.talkpython.fm/api/weather?city=Berlin&country=DE
2025-12-21 09:13:20,545 - __main__ - INFO - Token value: 1432
2025-12-21 09:13:20,723 - __main__ - ERROR - Failed to fetch weather data: 429 Client Error: Too Many Requests for url: https://weather.talkpython.fm/api/weather?city=Berlin&country=DE
2025-12-21 09:38:56,324 - __main__ - INFO - Token value: 1432
2025-12-21 09:38:56,792 - __main__ - ERROR - Failed to fetch weather data: 429 Client Error: Too Many Requests for url: https://weather.talkpython.fm/api/weather?city=Berlin&country=DE
2025-12-21 10:13:37,084 - __main__ - INFO - Token value: 1432
2025-12-21 10:13:37,305 - __main__ - ERROR - Failed to fetch weather data: 429 Client Error: Too Many Requests for url: https://weather.talkpython.fm/api/weather?city=Berlin&country=DE
2025-12-21 10:41:50,789 - __main__ - INFO - Token value: 1432
2025-12-21 10:41:50,870 - __main__ - ERROR - Failed to fetch weather data: 429 Client Error: Too Many Requests for url: https://weather.talkpython.fm/api/weather?city=Berlin&country=DE
2025-12-21 11:11:18,041 - __main__ - INFO - Token value: 1432
2025-12-21 11:11:18,259 - __main__ - ERROR - Failed to fetch weather data: 429 Client Error: Too Many Requests for url: https://weather.talkpython.fm/api/weather?city=Berlin&country=DE
2025-12-21 11:35:03,833 - __main__ - INFO - Token value: 1432
2025-12-21 11:35:04,400 - __main__ - ERROR - Failed to fetch weather data: 429 Client Error: Too Many Requests for url: https://weather.talkpython.fm/api/weather?city=Berlin&country=DE
2025-12-21 12:24:40,934 - __main__ - INFO - Token value: 1432
2025-12-21 12:24:40,993 - __main__ - ERROR - Failed to fetch weather data: 429 Client Error: Too Many Requests for url: https://weather.talkpython.fm/api/weather?city=Berlin&country=DE
2025-12-21 13:03:27,413 - __main__ - INFO - Token value: 1432
2025-12-21 13:03:27,711 - __main__ - ERROR - Failed to fetch weather data: 429 Client Error: Too Many Requests for url: https://weather.talkpython.fm/api/weather?city=Berlin&country=DE
2025-12-21 13:42:43,142 - __main__ - INFO - Token value: 1432
2025-12-21 13:42:43,462 - __main__ - ERROR - Failed to fetch weather data: 429 Client Error: Too Many Requests for url: https://weather.talkpython.fm/api/weather?city=Berlin&country=DE
2025-12-21 14:12:14,006 - __main__ - INFO - Token value: 1432
2025-12-21 14:12:14,436 - __main__ - ERROR - Failed to fetch weather data: 429 Client Error: Too Many Requests for url: https://weather.talkpython.fm/api/weather?city=Berlin&country=DE
2025-12-21 14:39:36,936 - __main__ - INFO - Token value: 1432
2025-12-21 14:39:37,666 - __main__ - ERROR - Failed to fetch weather data: 429 Client Error: Too Many Requests for url: https://weather.talkpython.fm/api/weather?city=Berlin&country=DE
2025-12-21 15:12:28,812 - __main__ - INFO - Token value: 1432
2025-12-21 15:12:29,072 - __main__ - ERROR - Failed to fetch weather data: 429 Client Error: Too Many Requests for url: https://weather.talkpython.fm/api/weather?city=Berlin&country=DE
2025-12-21 15:37:20,320 - __main__ - INFO - Token value: 1432
2025-12-21 15:37:20,534 - __main__ - ERROR - Failed to fetch weather data: 429 Client Error: Too Many Requests for url: https://weather.talkpython.fm/api/weather?city=Berlin&country=DE
2025-12-21 16:15:15,571 - __main__ - INFO - Token value: 1432
2025-12-21 16:15:16,152 - __main__ - ERROR - Failed to fetch weather data: 429 Client Error: Too Many Requests for url: https://weather.talkpython.fm/api/weather?city=Berlin&country=DE
2025-12-21 16:43:52,835 - __main__ - INFO - Token value: 1432
2025-12-21 16:43:53,057 - __main__ - ERROR - Failed to fetch weather data: 429 Client Error: Too Many Requests for url: https://weather.talkpython.fm/api/weather?city=Berlin&country=DE
2025-12-21 17:11:21,196 - __main__ - INFO - Token value: 1432
2025-12-21 17:11:21,788 - __main__ - ERROR - Failed to fetch weather data: 429 Client Error: Too Many Requests for url: https://weather.talkpython.fm/api/weather?city=Berlin&country=DE
2025-12-21 17:38:26,639 - __main__ - INFO - Token value: 1432
2025-12-21 17:38:26,973 - __main__ - ERROR - Failed to fetch weather data: 429 Client Error: Too Many Requests for url: https://weather.talkpython.fm/api/weather?city=Berlin&country=DE
2025-12-21 18:18:29,778 - __main__ - INFO - Token value: 1432
2025-12-21 18:18:30,117 - __main__ - ERROR - Failed to fetch weather data: 429 Client Error: Too Many Requests for url: https://weather.talkpython.fm/api/weather?city=Berlin&country=DE
2025-12-21 18:47:05,771 - __main__ - INFO - Token value: 1432
2025-12-21 18:47:06,522 - __main__ - ERROR - Failed to fetch weather data: 429 Client Error: Too Many Requests for url: https://weather.talkpython.fm/api/weather?city=Berlin&country=DE
2025-12-21 19:10:05,498 - __main__ - INFO - Token value: 1432
2025-12-21 19:10:05,916 - __main__ - ERROR - Failed to fetch weather data: 429 Client Error: Too Many Requests for url: https://weather.talkpython.fm/api/weather?city=Berlin&country=DE
2025-12-21 19:34:21,919 - __main__ - INFO - Token value: 1432
2025-12-21 19:34:22,490 - __main__ - ERROR - Failed to fetch weather data: 429 Client Error: Too Many Requests for url: https://weather.talkpython.fm/api/weather?city=Berlin&country=DE
2025-12-21 20:14:24,160 - __main__ - INFO - Token value: 1432
2025-12-21 20:14:24,529 - __main__ - ERROR - Failed to fetch weather data: 429 Client Error: Too Many Requests for url: https://weather.talkpython.fm/api/weather?city=Berlin&country=DE
2025-12-21 20:40:35,024 - __main__ - INFO - Token value: 1432
2025-12-21 20:40:35,349 - __main__ - ERROR - Failed to fetch weather data: 429 Client Error: Too Many Requests for url: https://weather.talkpython.fm/api/weather?city=Berlin&country=DE
2025-12-21 21:12:11,663 - __main__ - INFO - Token value: 1432
2025-12-21 21:12:12,169 - __main__ - ERROR - Failed to fetch weather data: 429 Client Error: Too Many Requests for url: https://weather.talkpython.fm/api/weather?city=Berlin&country=DE
2025-12-21 21:36:50,745 - __main__ - INFO - Token value: 1432
2025-12-21 21:36:51,460 - __main__ - ERROR - Failed to fetch weather data: 429 Client Error: Too Many Requests for url: https://weather.talkpython.fm/api/weather?city=Berlin&country=DE
2025-12-21 22:12:52,051 - __main__ - INFO - Token value: 1432
2025-12-21 22:12:52,340 - __main__ - ERROR - Failed to fetch weather data: 429 Client Error: Too Many Requests for url: https://weather.talkpython.fm/api/weather?city=Berlin&country=DE
2025-12-21 22:40:52,265 - __main__ - INFO - Token value: 1432
2025-12-21 22:40:52,905 - __main__ - ERROR - Failed to fetch weather data: 429 Client Error: Too Many Requests for url: https://weather.talkpython.fm/api/weather?city=Berlin&country=DE
2025-12-21 23:12:40,772 - __main__ - INFO - Token value: 1432
2025-12-21 23:12:41,132 - __main__ - ERROR - Failed to fetch weather data: 429 Client Error: Too Many Requests for url: https://weather.talkpython.fm/api/weather?city=Berlin&country=DE
2025-12-21 23:37:31,658 - __main__ - INFO - Token value: 1432
2025-12-21 23:37:31,956 - __main__ - ERROR - Failed to fetch weather data: 429 Client Error: Too Many Requests for url: https://weather.talkpython.fm/api/weather?city=Berlin&country=DE
2025-12-28 01:13:10,143 - __main__ - INFO - Token value: 1432
2025-12-28 01:13:10,338 - __main__ - ERROR - Failed to fetch weather data: 429 Client Error: Too Many Requests for url: https://weather.talkpython.fm/api/weather?city=Berlin&country=DE
2025-12-28 03:19:48,743 - __main__ - INFO - Token value: 1432
2025-12-28 03:19:49,236 - __main__ - ERROR - Failed to fetch weather data: 429 Client Error: Too Many Requests for url: https://weather.talkpython.fm/api/weather?city=Berlin&country=DE
2025-12-28 04:29:03,029 - __main__ - INFO - Token value: 1432
2025-12-28 04:29:03,364 - __main__ - ERROR - Failed to fetch weather data: 429 Client Error: Too Many Requests for url: https://weather.talkpython.fm/api/weather?city=Berlin&country=DE
2025-12-28 04:59:41,244 - __main__ - INFO - Token value: 1432
2025-12-28 04:59:41,779 - __main__ - ERROR - Failed to fetch weather data: 429 Client Error: Too Many Requests for url: https://weather.talkpython.fm/api/weather?city=Berlin&country=DE
2025-12-28 05:28:44,187 - __main__ - INFO - Token value: 1432
2025-12-28 05:28:44,595 - __main__ - ERROR - Failed to fetch weather data: 429 Client Error: Too Many Requests for url: https://weather.talkpython.fm/api/weather?city=Berlin&country=DE
2025-12-28 05:47:32,491 - __main__ - INFO - Token value: 1432
2025-12-28 05:47:32,796 - __main__ - ERROR - Failed to fetch weather data: 429 Client Error: Too Many Requests for url: https://weather.talkpython.fm/api/weather?city=Berlin&country=DE
2025-12-28 06:20:43,049 - __main__ - INFO - Token value: 1432
2025-12-28 06:20:43,597 - __main__ - ERROR - Failed to fetch weather data: 429 Client Error: Too Many Requests for url: https://weather.talkpython.fm/api/weather?city=Berlin&country=DE
2025-12-28 06:51:40,192 - __main__ - INFO - Token value: 1432
2025-12-28 06:51:40,860 - __main__ - ERROR - Failed to fetch weather data: 429 Client Error: Too Many Requests for url: https://weather.talkpython.fm/api/weather?city=Berlin&country=DE
2025-12-28 07:14:40,283 - __main__ - INFO - Token value: 1432
2025-12-28 07:14:40,584 - __main__ - ERROR - Failed to fetch weather data: 429 Client Error: Too Many Requests for url: https://weather.talkpython.fm/api/weather?city=Berlin&country=DE
2025-12-28 07:38:13,353 - __main__ - INFO - Token value: 1432
2025-12-28 07:38:13,851 - __main__ - ERROR - Failed to fetch weather data: 429 Client Error: Too Many Requests for url: https://weather.talkpython.fm/api/weather?city=Berlin&country=DE
2025-12-28 08:17:58,134 - __main__ - INFO - Token value: 1432
2025-12-28 08:17:58,831 - __main__ - ERROR - Failed to fetch weather data: 429 Client Error: Too Many Requests for url: https://weather.talkpython.fm/api/weather?city=Berlin&country=DE
2025-12-28 08:46:06,862 - __main__ - INFO - Token value: 1432
2025-12-28 08:46:07,093 - __main__ - ERROR - Failed to fetch weather data: 429 Client Error: Too Many Requests for url: https://weather.talkpython.fm/api/weather?city=Berlin&country=DE
2025-12-28 09:14:10,955 - __main__ - INFO - Token value: 1432
2025-12-28 09:14:12,055 - __main__ - ERROR - Failed to fetch weather data: 429 Client Error: Too Many Requests for url: https://weather.talkpython.fm/api/weather?city=Berlin&country=DE
2025-12-28 09:39:55,533 - __main__ - INFO - Token value: 1432
2025-12-28 09:39:55,925 - __main__ - ERROR - Failed to fetch weather data: 429 Client Error: Too Many Requests for url: https://weather.talkpython.fm/api/weather?city=Berlin&country=DE
2025-12-28 10:13:34,692 - __main__ - INFO - Token value: 1432
2025-12-28 10:13:35,277 - __main__ - ERROR - Failed to fetch weather data: 429 Client Error: Too Many Requests for url: https://weather.talkpython.fm/api/weather?city=Berlin&country=DE
2025-12-28 10:42:55,404 - __main__ - INFO - Token value: 1432
2025-12-28 10:42:55,473 - __main__ - ERROR - Failed to fetch weather data: 429 Client Error: Too Many Requests for url: https://weather.talkpython.fm/api/weather?city=Berlin&country=DE
2025-12-28 11:11:44,835 - __main__ - INFO - Token value: 1432
2025-12-28 11:11:44,936 - __main__ - ERROR - Failed to fetch weather data: 429 Client Error: Too Many Requests for url: https://weather.talkpython.fm/api/weather?city=Berlin&country=DE
2025-12-28 11:36:03,114 - __main__ - INFO - Token value: 1432
2025-12-28 11:36:03,776 - __main__ - ERROR - Failed to fetch weather data: 429 Client Error: Too Many Requests for url: https://weather.talkpython.fm/api/weather?city=Berlin&country=DE
2025-12-28 12:25:51,424 - __main__ - INFO - Token value: 1432
2025-12-28 12:25:52,002 - __main__ - ERROR - Failed to fetch weather data: 429 Client Error: Too Many Requests for url: https://weather.talkpython.fm/api/weather?city=Berlin&country=DE
2025-12-28 13:05:53,231 - __main__ - INFO - Token value: 1432
2025-12-28 13:05:53,808 - __main__ - ERROR - Failed to fetch weather data: 429 Client Error: Too Many Requests for url: https://weather.talkpython.fm/api/weather?city=Berlin&country=DE
2025-12-28 13:44:50,358 - __main__ - INFO - Token value: 1432
2025-12-28 13:44:51,309 - __main__ - ERROR - Failed to fetch weather data: 429 Client Error: Too Many Requests for url: https://weather.talkpython.fm/api/weather?city=Berlin&country=DE
2025-12-28 14:13:02,972 - __main__ - INFO - Token value: 1432
2025-12-28 14:13:03,181 - __main__ - ERROR - Failed to fetch weather data: 429 Client Error: Too Many Requests for url: https://weather.talkpython.fm/api/weather?city=Berlin&country=DE
2025-12-28 14:40:51,155 - __main__ - INFO - Token value: 1432
2025-12-28 14:40:51,855 - __main__ - ERROR - Failed to fetch weather data: 429 Client Error: Too Many Requests for url: https://weather.talkpython.fm/api/weather?city=Berlin&country=DE
2025-12-28 15:12:52,648 - __main__ - INFO - Token value: 1432
2025-12-28 15:12:53,151 - __main__ - ERROR - Failed to fetch weather data: 429 Client Error: Too Many Requests for url: https://weather.talkpython.fm/api/weather?city=Berlin&country=DE
2025-12-28 15:38:26,153 - __main__ - INFO - Token value: 1432
2025-12-28 15:38:26,914 - __main__ - ERROR - Failed to fetch weather data: 429 Client Error: Too Many Requests for url: https://weather.talkpython.fm/api/weather?city=Berlin&country=DE
2025-12-28 16:16:07,154 - __main__ - INFO - Token value: 1432
2025-12-28 16:16:07,245 - __main__ - ERROR - Failed to fetch weather data: 429 Client Error: Too Many Requests for url: https://weather.talkpython.fm/api/weather?city=Berlin&country=DE
2025-12-28 16:45:15,342 - __main__ - INFO - Token value: 1432
2025-12-28 16:45:15,442 - __main__ - ERROR - Failed to fetch weather data: 429 Client Error: Too Many Requests for url: https://weather.talkpython.fm/api/weather?city=Berlin&country=DE
2025-12-28 17:12:01,587 - __main__ - INFO - Token value: 1432
2025-12-28 17:12:02,885 - __main__ - ERROR - Failed to fetch weather data: 429 Client Error: Too Many Requests for url: https://weather.talkpython.fm/api/weather?city=Berlin&country=DE
2025-12-28 17:39:46,722 - __main__ - INFO - Token value: 1432
2025-12-28 17:39:47,372 - __main__ - ERROR - Failed to fetch weather data: 429 Client Error: Too Many Requests for url: https://weather.talkpython.fm/api/weather?city=Berlin&country=DE
2025-12-28 18:19:34,237 - __main__ - INFO - Token value: 1432
2025-12-28 18:19:34,785 - __main__ - ERROR - Failed to fetch weather data: 429 Client Error: Too Many Requests for url: https://weather.talkpython.fm/api/weather?city=Berlin&country=DE
2025-12-28 18:48:46,131 - __main__ - INFO - Token value: 1432
2025-12-28 18:48:46,374 - __main__ - ERROR - Failed to fetch weather data: 429 Client Error: Too Many Requests for url: https://weather.talkpython.fm/api/weather?city=Berlin&country=DE
2025-12-28 19:10:27,073 - __main__ - INFO - Token value: 1432
2025-12-28 19:10:27,166 - __main__ - ERROR - Failed to fetch weather data: 429 Client Error: Too Many Requests for url: https://weather.talkpython.fm/api/weather?city=Berlin&country=DE
2025-12-28 19:34:37,661 - __main__ - INFO - Token value: 1432
2025-12-28 19:34:37,861 - __main__ - ERROR - Failed to fetch weather data: 429 Client Error: Too Many Requests for url: https://weather.talkpython.fm/api/weather?city=Berlin&country=DE
2025-12-28 20:15:02,709 - __main__ - INFO - Token value: 1432
2025-12-28 20:15:03,223 - __main__ - ERROR - Failed to fetch weather data: 429 Client Error: Too Many Requests for url: https://weather.talkpython.fm/api/weather?city=Berlin&country=DE
2025-12-28 20:41:54,993 - __main__ - INFO - Token value: 1432
2025-12-28 20:41:55,595 - __main__ - ERROR - Failed to fetch weather data: 429 Client Error: Too Many Requests for url: https://weather.talkpython.fm/api/weather?city=Berlin&country=DE
2025-12-28 21:12:32,789 - __main__ - INFO - Token value: 1432
2025-12-28 21:12:33,594 - __main__ - ERROR - Failed to fetch weather data: 429 Client Error: Too Many Requests for url: https://weather.talkpython.fm/api/weather?city=Berlin&country=DE
2025-12-28 21:37:50,228 - __main__ - INFO - Token value: 1432
2025-12-28 21:37:50,441 - __main__ - ERROR - Failed to fetch weather data: 429 Client Error: Too Many Requests for url: https://weather.talkpython.fm/api/weather?city=Berlin&country=DE
2025-12-28 22:13:11,012 - __main__ - INFO - Token value: 1432
2025-12-28 22:13:11,866 - __main__ - ERROR - Failed to fetch weather data: 429 Client Error: Too Many Requests for url: https://weather.talkpython.fm/api/weather?city=Berlin&country=DE
2025-12-28 22:41:42,027 - __main__ - INFO - Token value: 1432
2025-12-28 22:41:42,375 - __main__ - ERROR - Failed to fetch weather data: 429 Client Error: Too Many Requests for url: https://weather.talkpython.fm/api/weather?city=Berlin&country=DE
2025-12-28 23:13:01,887 - __main__ - INFO - Token value: 1432
2025-12-28 23:13:02,428 - __main__ - ERROR - Failed to fetch weather data: 429 Client Error: Too Many Requests for url: https://weather.talkpython.fm/api/weather?city=Berlin&country=DE
2025-12-28 23:38:23,903 - __main__ - INFO - Token value: 1432
2025-12-28 23:38:24,441 - __main__ - ERROR - Failed to fetch weather data: 429 Client Error: Too Many Requests for url: https://weather.talkpython.fm/api/weather?city=Berlin&country=DE
2026-01-04 01:13:37,213 - __main__ - INFO - Token value: 1432
2026-01-04 01:13:37,282 - __main__ - ERROR - Failed to fetch weather data: 429 Client Error: Too Many Requests for url: https://weather.talkpython.fm/api/weather?city=Berlin&country=DE
2026-01-04 03:22:46,599 - __main__ - INFO - Token value: 1432
2026-01-04 03:22:46,937 - __main__ - ERROR - Failed to fetch weather data: 429 Client Error: Too Many Requests for url: https://weather.talkpython.fm/api/weather?city=Berlin&country=DE
2026-01-04 04:32:16,346 - __main__ - INFO - Token value: 1432
2026-01-04 04:32:16,607 - __main__ - ERROR - Failed to fetch weather data: 429 Client Error: Too Many Requests for url: https://weather.talkpython.fm/api/weather?city=Berlin&country=DE
2026-01-04 05:20:24,469 - __main__ - INFO - Token value: 1432
2026-01-04 05:20:24,995 - __main__ - ERROR - Failed to fetch weather data: 429 Client Error: Too Many Requests for url: https://weather.talkpython.fm/api/weather?city=Berlin&country=DE
2026-01-04 05:46:18,848 - __main__ - INFO - Token value: 1432
2026-01-04 05:46:19,326 - __main__ - ERROR - Failed to fetch weather data: 429 Client Error: Too Many Requests for url: https://weather.talkpython.fm/api/weather?city=Berlin&country=DE
2026-01-04 06:21:02,327 - __main__ - INFO - Token value: 1432
2026-01-04 06:21:02,510 - __main__ - ERROR - Failed to fetch weather data: 429 Client Error: Too Many Requests for url: https://weather.talkpython.fm/api/weather?city=Berlin&country=DE
2026-01-04 06:52:23,190 - __main__ - INFO - Token value: 1432
2026-01-04 06:52:24,008 - __main__ - ERROR - Failed to fetch weather data: 429 Client Error: Too Many Requests for url: https://weather.talkpython.fm/api/weather?city=Berlin&country=DE
2026-01-04 07:15:37,753 - __main__ - INFO - Token value: 1432
2026-01-04 07:15:38,444 - __main__ - ERROR - Failed to fetch weather data: 429 Client Error: Too Many Requests for url: https://weather.talkpython.fm/api/weather?city=Berlin&country=DE
2026-01-04 07:39:44,604 - __main__ - INFO - Token value: 1432
2026-01-04 07:39:45,608 - __main__ - ERROR - Failed to fetch weather data: 429 Client Error: Too Many Requests for url: https://weather.talkpython.fm/api/weather?city=Berlin&country=DE
2026-01-04 08:18:15,697 - __main__ - INFO - Token value: 1432
2026-01-04 08:18:16,251 - __main__ - ERROR - Failed to fetch weather data: 429 Client Error: Too Many Requests for url: https://weather.talkpython.fm/api/weather?city=Berlin&country=DE
2026-01-04 08:46:41,607 - __main__ - INFO - Token value: 1432
2026-01-04 08:46:41,727 - __main__ - ERROR - Failed to fetch weather data: 429 Client Error: Too Many Requests for url: https://weather.talkpython.fm/api/weather?city=Berlin&country=DE
2026-01-04 09:13:26,263 - __main__ - INFO - Token value: 1432
2026-01-04 09:13:27,026 - __main__ - ERROR - Failed to fetch weather data: 429 Client Error: Too Many Requests for url: https://weather.talkpython.fm/api/weather?city=Berlin&country=DE
2026-01-04 09:38:22,004 - __main__ - INFO - Token value: 1432
2026-01-04 09:38:22,397 - __main__ - ERROR - Failed to fetch weather data: 429 Client Error: Too Many Requests for url: https://weather.talkpython.fm/api/weather?city=Berlin&country=DE
2026-01-04 10:13:45,974 - __main__ - INFO - Token value: 1432
2026-01-04 10:13:46,648 - __main__ - ERROR - Failed to fetch weather data: 429 Client Error: Too Many Requests for url: https://weather.talkpython.fm/api/weather?city=Berlin&country=DE
2026-01-04 10:41:59,839 - __main__ - INFO - Token value: 1432
2026-01-04 10:42:00,070 - __main__ - ERROR - Failed to fetch weather data: 429 Client Error: Too Many Requests for url: https://weather.talkpython.fm/api/weather?city=Berlin&country=DE
2026-01-04 11:11:31,098 - __main__ - INFO - Token value: 1432
2026-01-04 11:11:31,433 - __main__ - ERROR - Failed to fetch weather data: 429 Client Error: Too Many Requests for url: https://weather.talkpython.fm/api/weather?city=Berlin&country=DE
2026-01-04 11:35:37,840 - __main__ - INFO - Token value: 1432
2026-01-04 11:35:38,550 - __main__ - ERROR - Failed to fetch weather data: 429 Client Error: Too Many Requests for url: https://weather.talkpython.fm/api/weather?city=Berlin&country=DE
2026-01-04 12:26:00,503 - __main__ - INFO - Token value: 1432
2026-01-04 12:26:01,072 - __main__ - ERROR - Failed to fetch weather data: 429 Client Error: Too Many Requests for url: https://weather.talkpython.fm/api/weather?city=Berlin&country=DE
2026-01-04 13:06:11,795 - __main__ - INFO - Token value: 1432
2026-01-04 13:06:12,086 - __main__ - ERROR - Failed to fetch weather data: 429 Client Error: Too Many Requests for url: https://weather.talkpython.fm/api/weather?city=Berlin&country=DE
2026-01-04 13:44:45,185 - __main__ - INFO - Token value: 1432
2026-01-04 13:44:45,871 - __main__ - ERROR - Failed to fetch weather data: 429 Client Error: Too Many Requests for url: https://weather.talkpython.fm/api/weather?city=Berlin&country=DE
2026-01-04 14:12:27,527 - __main__ - INFO - Token value: 1432
2026-01-04 14:12:28,178 - __main__ - ERROR - Failed to fetch weather data: 429 Client Error: Too Many Requests for url: https://weather.talkpython.fm/api/weather?city=Berlin&country=DE
2026-01-04 14:40:15,676 - __main__ - INFO - Token value: 1432
2026-01-04 14:40:15,971 - __main__ - ERROR - Failed to fetch weather data: 429 Client Error: Too Many Requests for url: https://weather.talkpython.fm/api/weather?city=Berlin&country=DE
2026-01-04 15:12:44,057 - __main__ - INFO - Token value: 1432
2026-01-04 15:12:44,641 - __main__ - ERROR - Failed to fetch weather data: 429 Client Error: Too Many Requests for url: https://weather.talkpython.fm/api/weather?city=Berlin&country=DE
2026-01-04 15:38:12,070 - __main__ - INFO - Token value: 1432
2026-01-04 15:38:12,679 - __main__ - ERROR - Failed to fetch weather data: 429 Client Error: Too Many Requests for url: https://weather.talkpython.fm/api/weather?city=Berlin&country=DE
2026-01-04 16:15:51,592 - __main__ - INFO - Token value: 1432
2026-01-04 16:15:51,691 - __main__ - ERROR - Failed to fetch weather data: 429 Client Error: Too Many Requests for url: https://weather.talkpython.fm/api/weather?city=Berlin&country=DE
2026-01-04 16:45:28,276 - __main__ - INFO - Token value: 1432
2026-01-04 16:45:28,696 - __main__ - ERROR - Failed to fetch weather data: 429 Client Error: Too Many Requests for url: https://weather.talkpython.fm/api/weather?city=Berlin&country=DE
2026-01-04 17:11:40,025 - __main__ - INFO - Token value: 1432
2026-01-04 17:11:40,608 - __main__ - ERROR - Failed to fetch weather data: 429 Client Error: Too Many Requests for url: https://weather.talkpython.fm/api/weather?city=Berlin&country=DE
2026-01-04 17:39:24,674 - __main__ - INFO - Token value: 1432
2026-01-04 17:39:25,497 - __main__ - ERROR - Failed to fetch weather data: 429 Client Error: Too Many Requests for url: https://weather.talkpython.fm/api/weather?city=Berlin&country=DE
2026-01-04 18:19:07,655 - __main__ - INFO - Token value: 1432
2026-01-04 18:19:07,858 - __main__ - ERROR - Failed to fetch weather data: 429 Client Error: Too Many Requests for url: https://weather.talkpython.fm/api/weather?city=Berlin&country=DE
2026-01-04 18:48:53,380 - __main__ - INFO - Token value: 1432
2026-01-04 18:48:53,579 - __main__ - ERROR - Failed to fetch weather data: 429 Client Error: Too Many Requests for url: https://weather.talkpython.fm/api/weather?city=Berlin&country=DE
2026-01-04 19:10:22,932 - __main__ - INFO - Token value: 1432
2026-01-04 19:10:23,222 - __main__ - ERROR - Failed to fetch weather data: 429 Client Error: Too Many Requests for url: https://weather.talkpython.fm/api/weather?city=Berlin&country=DE
2026-01-04 19:34:30,424 - __main__ - INFO - Token value: 1432
2026-01-04 19:34:31,242 - __main__ - ERROR - Failed to fetch weather data: 429 Client Error: Too Many Requests for url: https://weather.talkpython.fm/api/weather?city=Berlin&country=DE
2026-01-04 20:15:12,106 - __main__ - INFO - Token value: 1432
2026-01-04 20:15:12,686 - __main__ - ERROR - Failed to fetch weather data: 429 Client Error: Too Many Requests for url: https://weather.talkpython.fm/api/weather?city=Berlin&country=DE
2026-01-04 20:41:37,968 - __main__ - INFO - Token value: 1432
2026-01-04 20:41:38,650 - __main__ - ERROR - Failed to fetch weather data: 429 Client Error: Too Many Requests for url: https://weather.talkpython.fm/api/weather?city=Berlin&country=DE
2026-01-04 21:12:18,801 - __main__ - INFO - Token value: 1432
2026-01-04 21:12:19,485 - __main__ - ERROR - Failed to fetch weather data: 429 Client Error: Too Many Requests for url: https://weather.talkpython.fm/api/weather?city=Berlin&country=DE
2026-01-04 21:37:45,067 - __main__ - INFO - Token value: 1432
2026-01-04 21:37:45,659 - __main__ - ERROR - Failed to fetch weather data: 429 Client Error: Too Many Requests for url: https://weather.talkpython.fm/api/weather?city=Berlin&country=DE
2026-01-04 22:13:12,408 - __main__ - INFO - Token value: 1432
2026-01-04 22:13:12,706 - __main__ - ERROR - Failed to fetch weather data: 429 Client Error: Too Many Requests for url: https://weather.talkpython.fm/api/weather?city=Berlin&country=DE
2026-01-04 22:41:46,346 - __main__ - INFO - Token value: 1432
2026-01-04 22:41:46,519 - __main__ - ERROR - Failed to fetch weather data: 429 Client Error: Too Many Requests for url: https://weather.talkpython.fm/api/weather?city=Berlin&country=DE
2026-01-04 23:13:11,321 - __main__ - INFO - Token value: 1432
2026-01-04 23:13:11,837 - __main__ - ERROR - Failed to fetch weather data: 429 Client Error: Too Many Requests for url: https://weather.talkpython.fm/api/weather?city=Berlin&country=DE
2026-01-04 23:38:52,226 - __main__ - INFO - Token value: 1432
2026-01-04 23:38:52,950 - __main__ - ERROR - Failed to fetch weather data: 429 Client Error: Too Many Requests for url: https://weather.talkpython.fm/api/weather?city=Berlin&country=DE
2026-01-11 01:13:18,784 - __main__ - INFO - Token value: 1432
2026-01-11 01:13:19,369 - __main__ - ERROR - Failed to fetch weather data: 429 Client Error: Too Many Requests for url: https://weather.talkpython.fm/api/weather?city=Berlin&country=DE
2026-01-11 03:21:57,227 - __main__ - INFO - Token value: 1432
2026-01-11 03:21:57,646 - __main__ - ERROR - Failed to fetch weather data: 429 Client Error: Too Many Requests for url: https://weather.talkpython.fm/api/weather?city=Berlin&country=DE
2026-01-11 04:31:20,694 - __main__ - INFO - Token value: 1432
2026-01-11 04:31:21,223 - __main__ - ERROR - Failed to fetch weather data: 429 Client Error: Too Many Requests for url: https://weather.talkpython.fm/api/weather?city=Berlin&country=DE
2026-01-11 05:19:40,246 - __main__ - INFO - Token value: 1432
2026-01-11 05:19:41,096 - __main__ - ERROR - Failed to fetch weather data: 429 Client Error: Too Many Requests for url: https://weather.talkpython.fm/api/weather?city=Berlin&country=DE
2026-01-11 05:45:49,361 - __main__ - INFO - Token value: 1432
2026-01-11 05:45:49,704 - __main__ - ERROR - Failed to fetch weather data: 429 Client Error: Too Many Requests for url: https://weather.talkpython.fm/api/weather?city=Berlin&country=DE
2026-01-11 06:21:15,020 - __main__ - INFO - Token value: 1432
2026-01-11 06:21:15,361 - __main__ - ERROR - Failed to fetch weather data: 429 Client Error: Too Many Requests for url: https://weather.talkpython.fm/api/weather?city=Berlin&country=DE
2026-01-11 06:52:45,075 - __main__ - INFO - Token value: 1432
2026-01-11 06:52:45,913 - __main__ - ERROR - Failed to fetch weather data: 429 Client Error: Too Many Requests for url: https://weather.talkpython.fm/api/weather?city=Berlin&country=DE
2026-01-11 07:15:19,513 - __main__ - INFO - Token value: 1432
2026-01-11 07:15:20,055 - __main__ - ERROR - Failed to fetch weather data: 429 Client Error: Too Many Requests for url: https://weather.talkpython.fm/api/weather?city=Berlin&country=DE
2026-01-11 07:39:07,478 - __main__ - INFO - Token value: 1432
2026-01-11 07:39:08,137 - __main__ - ERROR - Failed to fetch weather data: 429 Client Error: Too Many Requests for url: https://weather.talkpython.fm/api/weather?city=Berlin&country=DE
2026-01-11 08:18:00,284 - __main__ - INFO - Token value: 1432
2026-01-11 08:18:00,494 - __main__ - ERROR - Failed to fetch weather data: 429 Client Error: Too Many Requests for url: https://weather.talkpython.fm/api/weather?city=Berlin&country=DE
2026-01-11 08:46:30,792 - __main__ - INFO - Token value: 1432
2026-01-11 08:46:30,995 - __main__ - ERROR - Failed to fetch weather data: 429 Client Error: Too Many Requests for url: https://weather.talkpython.fm/api/weather?city=Berlin&country=DE
2026-01-11 09:14:01,995 - __main__ - INFO - Token value: 1432
2026-01-11 09:14:02,180 - __main__ - ERROR - Failed to fetch weather data: 429 Client Error: Too Many Requests for url: https://weather.talkpython.fm/api/weather?city=Berlin&country=DE
2026-01-11 09:40:10,640 - __main__ - INFO - Token value: 1432
2026-01-11 09:40:10,824 - __main__ - ERROR - Failed to fetch weather data: 429 Client Error: Too Many Requests for url: https://weather.talkpython.fm/api/weather?city=Berlin&country=DE
2026-01-11 10:14:03,881 - __main__ - INFO - Token value: 1432
2026-01-11 10:14:04,043 - __main__ - ERROR - Failed to fetch weather data: 429 Client Error: Too Many Requests for url: https://weather.talkpython.fm/api/weather?city=Berlin&country=DE
2026-01-11 10:42:56,072 - __main__ - INFO - Token value: 1432
2026-01-11 10:42:56,517 - __main__ - ERROR - Failed to fetch weather data: 429 Client Error: Too Many Requests for url: https://weather.talkpython.fm/api/weather?city=Berlin&country=DE
2026-01-11 11:11:15,493 - __main__ - INFO - Token value: 1432
2026-01-11 11:11:15,918 - __main__ - ERROR - Failed to fetch weather data: 429 Client Error: Too Many Requests for url: https://weather.talkpython.fm/api/weather?city=Berlin&country=DE
2026-01-11 11:36:20,411 - __main__ - INFO - Token value: 1432
2026-01-11 11:36:21,084 - __main__ - ERROR - Failed to fetch weather data: 429 Client Error: Too Many Requests for url: https://weather.talkpython.fm/api/weather?city=Berlin&country=DE
2026-01-11 12:26:26,135 - __main__ - INFO - Token value: 1432
2026-01-11 12:26:26,446 - __main__ - ERROR - Failed to fetch weather data: 429 Client Error: Too Many Requests for url: https://weather.talkpython.fm/api/weather?city=Berlin&country=DE
2026-01-11 13:06:49,682 - __main__ - INFO - Token value: 1432
2026-01-11 13:06:50,177 - __main__ - ERROR - Failed to fetch weather data: 429 Client Error: Too Many Requests for url: https://weather.talkpython.fm/api/weather?city=Berlin&country=DE
2026-01-11 13:45:49,727 - __main__ - INFO - Token value: 1432
2026-01-11 13:45:50,984 - __main__ - ERROR - Failed to fetch weather data: 429 Client Error: Too Many Requests for url: https://weather.talkpython.fm/api/weather?city=Berlin&country=DE
2026-01-11 14:12:35,927 - __main__ - INFO - Token value: 1432
2026-01-11 14:12:36,409 - __main__ - ERROR - Failed to fetch weather data: 429 Client Error: Too Many Requests for url: https://weather.talkpython.fm/api/weather?city=Berlin&country=DE
2026-01-11 14:41:00,560 - __main__ - INFO - Token value: 1432
2026-01-11 14:41:00,690 - __main__ - ERROR - Failed to fetch weather data: 429 Client Error: Too Many Requests for url: https://weather.talkpython.fm/api/weather?city=Berlin&country=DE
2026-01-11 15:13:13,152 - __main__ - INFO - Token value: 1432
2026-01-11 15:13:13,611 - __main__ - ERROR - Failed to fetch weather data: 429 Client Error: Too Many Requests for url: https://weather.talkpython.fm/api/weather?city=Berlin&country=DE
2026-01-11 15:39:25,690 - __main__ - INFO - Token value: 1432
2026-01-11 15:39:26,080 - __main__ - ERROR - Failed to fetch weather data: 429 Client Error: Too Many Requests for url: https://weather.talkpython.fm/api/weather?city=Berlin&country=DE
2026-01-11 16:15:43,957 - __main__ - INFO - Token value: 1432
2026-01-11 16:15:44,165 - __main__ - ERROR - Failed to fetch weather data: 429 Client Error: Too Many Requests for url: https://weather.talkpython.fm/api/weather?city=Berlin&country=DE
2026-01-11 16:45:20,756 - __main__ - INFO - Token value: 1432
2026-01-11 16:45:21,395 - __main__ - ERROR - Failed to fetch weather data: 429 Client Error: Too Many Requests for url: https://weather.talkpython.fm/api/weather?city=Berlin&country=DE
2026-01-11 17:11:44,904 - __main__ - INFO - Token value: 1432
2026-01-11 17:11:45,466 - __main__ - ERROR - Failed to fetch weather data: 429 Client Error: Too Many Requests for url: https://weather.talkpython.fm/api/weather?city=Berlin&country=DE
2026-01-11 17:39:21,582 - __main__ - INFO - Token value: 1432
2026-01-11 17:39:21,645 - __main__ - ERROR - Failed to fetch weather data: 429 Client Error: Too Many Requests for url: https://weather.talkpython.fm/api/weather?city=Berlin&country=DE
2026-01-11 18:19:35,735 - __main__ - INFO - Token value: 1432
2026-01-11 18:19:36,515 - __main__ - ERROR - Failed to fetch weather data: 429 Client Error: Too Many Requests for url: https://weather.talkpython.fm/api/weather?city=Berlin&country=DE
2026-01-11 18:48:58,454 - __main__ - INFO - Token value: 1432
2026-01-11 18:48:58,706 - __main__ - ERROR - Failed to fetch weather data: 429 Client Error: Too Many Requests for url: https://weather.talkpython.fm/api/weather?city=Berlin&country=DE
2026-01-11 19:10:22,178 - __main__ - INFO - Token value: 1432
2026-01-11 19:10:22,512 - __main__ - ERROR - Failed to fetch weather data: 429 Client Error: Too Many Requests for url: https://weather.talkpython.fm/api/weather?city=Berlin&country=DE
2026-01-11 19:34:39,414 - __main__ - INFO - Token value: 1432
2026-01-11 19:34:39,658 - __main__ - ERROR - Failed to fetch weather data: 429 Client Error: Too Many Requests for url: https://weather.talkpython.fm/api/weather?city=Berlin&country=DE
2026-01-11 20:15:10,861 - __main__ - INFO - Token value: 1432
2026-01-11 20:15:11,090 - __main__ - ERROR - Failed to fetch weather data: 429 Client Error: Too Many Requests for url: https://weather.talkpython.fm/api/weather?city=Berlin&country=DE
2026-01-11 20:41:49,440 - __main__ - INFO - Token value: 1432
2026-01-11 20:41:50,105 - __main__ - ERROR - Failed to fetch weather data: 429 Client Error: Too Many Requests for url: https://weather.talkpython.fm/api/weather?city=Berlin&country=DE
2026-01-11 21:12:13,417 - __main__ - INFO - Token value: 1432
2026-01-11 21:12:14,045 - __main__ - ERROR - Failed to fetch weather data: 429 Client Error: Too Many Requests for url: https://weather.talkpython.fm/api/weather?city=Berlin&country=DE
2026-01-11 21:37:24,543 - __main__ - INFO - Token value: 1432
2026-01-11 21:37:24,646 - __main__ - ERROR - Failed to fetch weather data: 429 Client Error: Too Many Requests for url: https://weather.talkpython.fm/api/weather?city=Berlin&country=DE
2026-01-11 22:13:02,804 - __main__ - INFO - Token value: 1432
2026-01-11 22:13:03,760 - __main__ - ERROR - Failed to fetch weather data: 429 Client Error: Too Many Requests for url: https://weather.talkpython.fm/api/weather?city=Berlin&country=DE
2026-01-11 22:41:39,109 - __main__ - INFO - Token value: 1432
2026-01-11 22:41:39,330 - __main__ - ERROR - Failed to fetch weather data: 429 Client Error: Too Many Requests for url: https://weather.talkpython.fm/api/weather?city=Berlin&country=DE
2026-01-11 23:13:10,175 - __main__ - INFO - Token value: 1432
2026-01-11 23:13:10,885 - __main__ - ERROR - Failed to fetch weather data: 429 Client Error: Too Many Requests for url: https://weather.talkpython.fm/api/weather?city=Berlin&country=DE
2026-01-11 23:38:46,482 - __main__ - INFO - Token value: 1432
2026-01-11 23:38:47,059 - __main__ - ERROR - Failed to fetch weather data: 429 Client Error: Too Many Requests for url: https://weather.talkpython.fm/api/weather?city=Berlin&country=DE
2026-01-18 01:12:21,618 - __main__ - INFO - Token value: 1432
2026-01-18 01:12:22,062 - __main__ - ERROR - Failed to fetch weather data: 429 Client Error: Too Many Requests for url: https://weather.talkpython.fm/api/weather?city=Berlin&country=DE
2026-01-18 03:18:54,952 - __main__ - INFO - Token value: 1432
2026-01-18 03:18:55,376 - __main__ - ERROR - Failed to fetch weather data: 429 Client Error: Too Many Requests for url: https://weather.talkpython.fm/api/weather?city=Berlin&country=DE
2026-01-18 04:26:43,201 - __main__ - INFO - Token value: 1432
2026-01-18 04:26:43,776 - __main__ - ERROR - Failed to fetch weather data: 429 Client Error: Too Many Requests for url: https://weather.talkpython.fm/api/weather?city=Berlin&country=DE
2026-01-18 04:56:34,420 - __main__ - INFO - Token value: 1432
2026-01-18 04:56:34,803 - __main__ - ERROR - Failed to fetch weather data: 429 Client Error: Too Many Requests for url: https://weather.talkpython.fm/api/weather?city=Berlin&country=DE
2026-01-18 05:20:22,723 - __main__ - INFO - Token value: 1432
2026-01-18 05:20:22,775 - __main__ - ERROR - Failed to fetch weather data: 429 Client Error: Too Many Requests for url: https://weather.talkpython.fm/api/weather?city=Berlin&country=DE
2026-01-18 05:44:37,815 - __main__ - INFO - Token value: 1432
2026-01-18 05:44:38,470 - __main__ - ERROR - Failed to fetch weather data: 429 Client Error: Too Many Requests for url: https://weather.talkpython.fm/api/weather?city=Berlin&country=DE
2026-01-18 06:20:55,788 - __main__ - INFO - Token value: 1432
2026-01-18 06:20:56,404 - __main__ - ERROR - Failed to fetch weather data: 429 Client Error: Too Many Requests for url: https://weather.talkpython.fm/api/weather?city=Berlin&country=DE
2026-01-18 06:51:35,964 - __main__ - INFO - Token value: 1432
2026-01-18 06:51:36,687 - __main__ - ERROR - Failed to fetch weather data: 429 Client Error: Too Many Requests for url: https://weather.talkpython.fm/api/weather?city=Berlin&country=DE
2026-01-18 07:14:28,921 - __main__ - INFO - Token value: 1432
2026-01-18 07:14:29,282 - __main__ - ERROR - Failed to fetch weather data: 429 Client Error: Too Many Requests for url: https://weather.talkpython.fm/api/weather?city=Berlin&country=DE
2026-01-18 07:38:15,670 - __main__ - INFO - Token value: 1432
2026-01-18 07:38:16,074 - __main__ - ERROR - Failed to fetch weather data: 429 Client Error: Too Many Requests for url: https://weather.talkpython.fm/api/weather?city=Berlin&country=DE
2026-01-18 08:18:06,095 - __main__ - INFO - Token value: 1432
2026-01-18 08:18:06,745 - __main__ - ERROR - Failed to fetch weather data: 429 Client Error: Too Many Requests for url: https://weather.talkpython.fm/api/weather?city=Berlin&country=DE
2026-01-18 08:46:18,365 - __main__ - INFO - Token value: 1432
2026-01-18 08:46:19,066 - __main__ - ERROR - Failed to fetch weather data: 429 Client Error: Too Many Requests for url: https://weather.talkpython.fm/api/weather?city=Berlin&country=DE
2026-01-18 09:13:58,197 - __main__ - INFO - Token value: 1432
2026-01-18 09:13:58,430 - __main__ - ERROR - Failed to fetch weather data: 429 Client Error: Too Many Requests for url: https://weather.talkpython.fm/api/weather?city=Berlin&country=DE
2026-01-18 09:40:06,783 - __main__ - INFO - Token value: 1432
2026-01-18 09:40:07,195 - __main__ - ERROR - Failed to fetch weather data: 429 Client Error: Too Many Requests for url: https://weather.talkpython.fm/api/weather?city=Berlin&country=DE
2026-01-18 10:13:57,628 - __main__ - INFO - Token value: 1432
2026-01-18 10:13:57,899 - __main__ - ERROR - Failed to fetch weather data: 429 Client Error: Too Many Requests for url: https://weather.talkpython.fm/api/weather?city=Berlin&country=DE
2026-01-18 10:42:30,332 - __main__ - INFO - Token value: 1432
2026-01-18 10:42:31,001 - __main__ - ERROR - Failed to fetch weather data: 429 Client Error: Too Many Requests for url: https://weather.talkpython.fm/api/weather?city=Berlin&country=DE
2026-01-18 11:11:01,523 - __main__ - INFO - Token value: 1432
2026-01-18 11:11:01,863 - __main__ - ERROR - Failed to fetch weather data: 429 Client Error: Too Many Requests for url: https://weather.talkpython.fm/api/weather?city=Berlin&country=DE
2026-01-18 11:35:40,991 - __main__ - INFO - Token value: 1432
2026-01-18 11:35:41,583 - __main__ - ERROR - Failed to fetch weather data: 429 Client Error: Too Many Requests for url: https://weather.talkpython.fm/api/weather?city=Berlin&country=DE
2026-01-18 12:25:44,247 - __main__ - INFO - Token value: 1432
2026-01-18 12:25:44,814 - __main__ - ERROR - Failed to fetch weather data: 429 Client Error: Too Many Requests for url: https://weather.talkpython.fm/api/weather?city=Berlin&country=DE
2026-01-18 13:05:08,129 - __main__ - INFO - Token value: 1432
2026-01-18 13:05:08,754 - __main__ - ERROR - Failed to fetch weather data: 429 Client Error: Too Many Requests for url: https://weather.talkpython.fm/api/weather?city=Berlin&country=DE
2026-01-18 13:44:35,027 - __main__ - INFO - Token value: 1432
2026-01-18 13:44:35,320 - __main__ - ERROR - Failed to fetch weather data: 429 Client Error: Too Many Requests for url: https://weather.talkpython.fm/api/weather?city=Berlin&country=DE
2026-01-18 14:12:15,316 - __main__ - INFO - Token value: 1432
2026-01-18 14:12:15,832 - __main__ - ERROR - Failed to fetch weather data: 429 Client Error: Too Many Requests for url: https://weather.talkpython.fm/api/weather?city=Berlin&country=DE
2026-01-18 14:40:18,197 - __main__ - INFO - Token value: 1432
2026-01-18 14:40:18,519 - __main__ - ERROR - Failed to fetch weather data: 429 Client Error: Too Many Requests for url: https://weather.talkpython.fm/api/weather?city=Berlin&country=DE
2026-01-18 15:13:07,578 - __main__ - INFO - Token value: 1432
2026-01-18 15:13:08,224 - __main__ - ERROR - Failed to fetch weather data: 429 Client Error: Too Many Requests for url: https://weather.talkpython.fm/api/weather?city=Berlin&country=DE
2026-01-18 15:38:56,286 - __main__ - INFO - Token value: 1432
2026-01-18 15:38:56,883 - __main__ - ERROR - Failed to fetch weather data: 429 Client Error: Too Many Requests for url: https://weather.talkpython.fm/api/weather?city=Berlin&country=DE
2026-01-18 16:15:48,685 - __main__ - INFO - Token value: 1432
2026-01-18 16:15:49,328 - __main__ - ERROR - Failed to fetch weather data: 429 Client Error: Too Many Requests for url: https://weather.talkpython.fm/api/weather?city=Berlin&country=DE
2026-01-18 16:44:57,887 - __main__ - INFO - Token value: 1432
2026-01-18 16:44:58,203 - __main__ - ERROR - Failed to fetch weather data: 429 Client Error: Too Many Requests for url: https://weather.talkpython.fm/api/weather?city=Berlin&country=DE
2026-01-18 17:11:22,722 - __main__ - INFO - Token value: 1432
2026-01-18 17:11:23,377 - __main__ - ERROR - Failed to fetch weather data: 429 Client Error: Too Many Requests for url: https://weather.talkpython.fm/api/weather?city=Berlin&country=DE
2026-01-18 17:40:05,796 - __main__ - INFO - Token value: 1432
2026-01-18 17:40:06,255 - __main__ - ERROR - Failed to fetch weather data: 429 Client Error: Too Many Requests for url: https://weather.talkpython.fm/api/weather?city=Berlin&country=DE
2026-01-18 18:18:42,314 - __main__ - INFO - Token value: 1432
2026-01-18 18:18:42,435 - __main__ - ERROR - Failed to fetch weather data: 429 Client Error: Too Many Requests for url: https://weather.talkpython.fm/api/weather?city=Berlin&country=DE
2026-01-18 18:47:35,048 - __main__ - INFO - Token value: 1432
2026-01-18 18:47:35,445 - __main__ - ERROR - Failed to fetch weather data: 429 Client Error: Too Many Requests for url: https://weather.talkpython.fm/api/weather?city=Berlin&country=DE
2026-01-18 19:10:42,604 - __main__ - INFO - Token value: 1432
2026-01-18 19:10:42,930 - __main__ - ERROR - Failed to fetch weather data: 429 Client Error: Too Many Requests for url: https://weather.talkpython.fm/api/weather?city=Berlin&country=DE
2026-01-18 19:34:04,464 - __main__ - INFO - Token value: 1432
2026-01-18 19:34:04,690 - __main__ - ERROR - Failed to fetch weather data: 429 Client Error: Too Many Requests for url: https://weather.talkpython.fm/api/weather?city=Berlin&country=DE
2026-01-18 20:15:16,972 - __main__ - INFO - Token value: 1432
2026-01-18 20:15:17,907 - __main__ - ERROR - Failed to fetch weather data: 429 Client Error: Too Many Requests for url: https://weather.talkpython.fm/api/weather?city=Berlin&country=DE
2026-01-18 20:41:15,457 - __main__ - INFO - Token value: 1432
2026-01-18 20:41:15,671 - __main__ - ERROR - Failed to fetch weather data: 429 Client Error: Too Many Requests for url: https://weather.talkpython.fm/api/weather?city=Berlin&country=DE
2026-01-18 21:12:04,712 - __main__ - INFO - Token value: 1432
2026-01-18 21:12:07,878 - __main__ - ERROR - Failed to fetch weather data: 429 Client Error: Too Many Requests for url: https://weather.talkpython.fm/api/weather?city=Berlin&country=DE
2026-01-18 21:37:31,304 - __main__ - INFO - Token value: 1432
2026-01-18 21:37:31,482 - __main__ - ERROR - Failed to fetch weather data: 429 Client Error: Too Many Requests for url: https://weather.talkpython.fm/api/weather?city=Berlin&country=DE
2026-01-18 22:13:25,353 - __main__ - INFO - Token value: 1432
2026-01-18 22:13:25,955 - __main__ - ERROR - Failed to fetch weather data: 429 Client Error: Too Many Requests for url: https://weather.talkpython.fm/api/weather?city=Berlin&country=DE
2026-01-18 22:41:28,675 - __main__ - INFO - Token value: 1432
2026-01-18 22:41:28,974 - __main__ - ERROR - Failed to fetch weather data: 429 Client Error: Too Many Requests for url: https://weather.talkpython.fm/api/weather?city=Berlin&country=DE
2026-01-18 23:13:04,090 - __main__ - INFO - Token value: 1432
2026-01-18 23:13:04,296 - __main__ - ERROR - Failed to fetch weather data: 429 Client Error: Too Many Requests for url: https://weather.talkpython.fm/api/weather?city=Berlin&country=DE
2026-01-18 23:38:48,751 - __main__ - INFO - Token value: 1432
2026-01-18 23:38:49,762 - __main__ - ERROR - Failed to fetch weather data: 429 Client Error: Too Many Requests for url: https://weather.talkpython.fm/api/weather?city=Berlin&country=DE
2026-01-25 01:14:22,623 - __main__ - INFO - Token value: 1432
2026-01-25 01:14:23,265 - __main__ - ERROR - Failed to fetch weather data: 429 Client Error: Too Many Requests for url: https://weather.talkpython.fm/api/weather?city=Berlin&country=DE
2026-01-25 03:25:13,243 - __main__ - INFO - Token value: 1432
2026-01-25 03:25:13,655 - __main__ - ERROR - Failed to fetch weather data: 429 Client Error: Too Many Requests for url: https://weather.talkpython.fm/api/weather?city=Berlin&country=DE
2026-01-25 04:34:46,093 - __main__ - INFO - Token value: 1432
2026-01-25 04:34:46,987 - __main__ - ERROR - Failed to fetch weather data: 429 Client Error: Too Many Requests for url: https://weather.talkpython.fm/api/weather?city=Berlin&country=DE
2026-01-25 05:23:02,110 - __main__ - INFO - Token value: 1432
2026-01-25 05:23:02,679 - __main__ - ERROR - Failed to fetch weather data: 429 Client Error: Too Many Requests for url: https://weather.talkpython.fm/api/weather?city=Berlin&country=DE
2026-01-25 05:48:05,404 - __main__ - INFO - Token value: 1432
2026-01-25 05:48:05,629 - __main__ - ERROR - Failed to fetch weather data: 429 Client Error: Too Many Requests for url: https://weather.talkpython.fm/api/weather?city=Berlin&country=DE
2026-01-25 06:21:14,339 - __main__ - INFO - Token value: 1432
2026-01-25 06:21:14,651 - __main__ - ERROR - Failed to fetch weather data: 429 Client Error: Too Many Requests for url: https://weather.talkpython.fm/api/weather?city=Berlin&country=DE
2026-01-25 06:53:35,680 - __main__ - INFO - Token value: 1432
2026-01-25 06:53:36,232 - __main__ - ERROR - Failed to fetch weather data: 429 Client Error: Too Many Requests for url: https://weather.talkpython.fm/api/weather?city=Berlin&country=DE
2026-01-25 07:15:59,777 - __main__ - INFO - Token value: 1432
2026-01-25 07:15:59,876 - __main__ - ERROR - Failed to fetch weather data: 429 Client Error: Too Many Requests for url: https://weather.talkpython.fm/api/weather?city=Berlin&country=DE
2026-01-25 07:39:46,192 - __main__ - INFO - Token value: 1432
2026-01-25 07:39:46,521 - __main__ - ERROR - Failed to fetch weather data: 429 Client Error: Too Many Requests for url: https://weather.talkpython.fm/api/weather?city=Berlin&country=DE
2026-01-25 08:18:30,572 - __main__ - INFO - Token value: 1432
2026-01-25 08:18:31,031 - __main__ - ERROR - Failed to fetch weather data: 429 Client Error: Too Many Requests for url: https://weather.talkpython.fm/api/weather?city=Berlin&country=DE
2026-01-25 08:47:07,596 - __main__ - INFO - Token value: 1432
2026-01-25 08:47:07,795 - __main__ - ERROR - Failed to fetch weather data: 429 Client Error: Too Many Requests for url: https://weather.talkpython.fm/api/weather?city=Berlin&country=DE
2026-01-25 09:14:46,108 - __main__ - INFO - Token value: 1432
2026-01-25 09:14:47,008 - __main__ - ERROR - Failed to fetch weather data: 429 Client Error: Too Many Requests for url: https://weather.talkpython.fm/api/weather?city=Berlin&country=DE
2026-01-25 09:41:09,040 - __main__ - INFO - Token value: 1432
2026-01-25 09:41:09,524 - __main__ - ERROR - Failed to fetch weather data: 429 Client Error: Too Many Requests for url: https://weather.talkpython.fm/api/weather?city=Berlin&country=DE
2026-01-25 10:14:31,965 - __main__ - INFO - Token value: 1432
2026-01-25 10:14:32,290 - __main__ - ERROR - Failed to fetch weather data: 429 Client Error: Too Many Requests for url: https://weather.talkpython.fm/api/weather?city=Berlin&country=DE
2026-01-25 10:44:12,388 - __main__ - INFO - Token value: 1432
2026-01-25 10:44:12,791 - __main__ - ERROR - Failed to fetch weather data: 429 Client Error: Too Many Requests for url: https://weather.talkpython.fm/api/weather?city=Berlin&country=DE
2026-01-25 11:11:34,856 - __main__ - INFO - Token value: 1432
2026-01-25 11:11:35,350 - __main__ - ERROR - Failed to fetch weather data: 429 Client Error: Too Many Requests for url: https://weather.talkpython.fm/api/weather?city=Berlin&country=DE
2026-01-25 11:36:58,255 - __main__ - INFO - Token value: 1432
2026-01-25 11:36:59,256 - __main__ - ERROR - Failed to fetch weather data: 429 Client Error: Too Many Requests for url: https://weather.talkpython.fm/api/weather?city=Berlin&country=DE
2026-01-25 12:27:37,295 - __main__ - INFO - Token value: 1432
2026-01-25 12:27:37,482 - __main__ - ERROR - Failed to fetch weather data: 429 Client Error: Too Many Requests for url: https://weather.talkpython.fm/api/weather?city=Berlin&country=DE
2026-01-25 13:09:12,448 - __main__ - INFO - Token value: 1432
2026-01-25 13:09:12,666 - __main__ - ERROR - Failed to fetch weather data: 429 Client Error: Too Many Requests for url: https://weather.talkpython.fm/api/weather?city=Berlin&country=DE
2026-01-25 13:48:06,028 - __main__ - INFO - Token value: 1432
2026-01-25 13:48:06,590 - __main__ - ERROR - Failed to fetch weather data: 429 Client Error: Too Many Requests for url: https://weather.talkpython.fm/api/weather?city=Berlin&country=DE
2026-01-25 14:12:51,094 - __main__ - INFO - Token value: 1432
2026-01-25 14:12:51,527 - __main__ - ERROR - Failed to fetch weather data: 429 Client Error: Too Many Requests for url: https://weather.talkpython.fm/api/weather?city=Berlin&country=DE
